Testing the Onboarding OF brands:
     - testing with Emails = (kalwaves10@gmail.com).
    - Removed the google Authentication because brands don't need it